[11:12:22] [main/INFO]: Loading Minecraft 26.1.2 with Fabric Loader 0.19.3
[11:12:22] [main/INFO]: Mappings not present!
[11:12:22] [main/INFO]: Loading 46 mods:
	- chunky 1.5.3
	- entityculling 1.10.2
	   |-- transition 1.0.19
	   \-- trender 1.0.13
	- fabric-api 0.154.2+26.1.2
	   |-- fabric-api-base 2.0.3+ece063234c
	   |-- fabric-api-lookup-api-v1 2.0.12+d5a053b64c
	   |-- fabric-biome-api-v1 18.0.5+2fa62b4e4c
	   |-- fabric-block-api-v1 3.0.2+ec56b6014c
	   |-- fabric-block-getter-api-v2 2.0.6+ec56b6014c
	   |-- fabric-command-api-v2 3.0.5+e2bdee784c
	   |-- fabric-content-registries-v0 11.2.1+76b0b6bb4c
	   |-- fabric-convention-tags-v2 4.6.2+4f11f7994c
	   |-- fabric-crash-report-info-v1 1.0.3+9f78a5a84c
	   |-- fabric-creative-tab-api-v1 5.0.11+d871b99e4c
	   |-- fabric-data-attachment-api-v1 2.2.9+44a0bd1d4c
	   |-- fabric-data-generation-api-v1 24.3.2+574cf22d4c
	   |-- fabric-debug-api-v1 1.0.1+c792624d4c
	   |-- fabric-dimensions-v1 5.1.6+9cbf5da54c
	   |-- fabric-entity-events-v1 5.0.2+e2bdee784c
	   |-- fabric-events-interaction-v0 5.2.2+07b380be4c
	   |-- fabric-game-rule-api-v1 4.0.5+d871b99e4c
	   |-- fabric-item-api-v1 14.2.0+a2a3a8914c
	   |-- fabric-key-mapping-api-v1 2.0.4+e2bdee784c
	   |-- fabric-lifecycle-events-v1 4.1.1+df84eb3d4c
	   |-- fabric-loot-api-v3 3.0.12+00a1fba64c
	   |-- fabric-menu-api-v1 2.0.14+d871b99e4c
	   |-- fabric-message-api-v1 7.0.5+dae8ce3e4c
	   |-- fabric-model-loading-api-v1 8.0.11+c80601bb4c
	   |-- fabric-networking-api-v1 6.3.1+554860db4c
	   |-- fabric-object-builder-api-v1 23.1.0+abb459f14c
	   |-- fabric-particles-v1 5.0.15+b61fef434c
	   |-- fabric-permission-api-v1 1.0.2+7437387b4c
	   |-- fabric-recipe-api-v1 9.0.16+be4b75ae4c
	   |-- fabric-registry-sync-v0 7.1.0+2fa62b4e4c
	   |-- fabric-renderer-api-v1 13.0.8+c80601bb4c
	   |-- fabric-renderer-indigo 8.1.5+1403e82c4c
	   |-- fabric-rendering-fluids-v1 6.0.1+d871b99e4c
	   |-- fabric-rendering-v1 23.3.1+e9207d814c
	   |-- fabric-resource-conditions-api-v1 6.1.0+83dd0ba34c
	   |-- fabric-resource-loader-v0 3.3.17+4fc5413f4c
	   |-- fabric-resource-loader-v1 2.0.10+7c44c7324c
	   |-- fabric-screen-api-v1 5.1.0+981dd9b24c
	   |-- fabric-serialization-api-v1 2.0.3+11a26f314c
	   |-- fabric-sound-api-v1 2.0.4+11a26f314c
	   |-- fabric-tag-api-v1 2.1.1+371cf5db4c
	   |-- fabric-transfer-api-v1 8.0.6+357ea7334c
	   \-- fabric-transitive-access-wideners-v1 8.1.3+3ff549fb4c
	- fabricloader 0.19.3
	   \-- mixinextras 0.5.4
	- java 25
	- lithium 0.24.4+mc26.1.2
	- minecraft 26.1.2
[11:12:23] [main/INFO]: SpongePowered MIXIN Subsystem Version=0.8.7 Source=file:/C:/Users/pingu/Documents/GitHub/minecraft-server/libraries/net/fabricmc/sponge-mixin/0.17.3+mixin.0.8.7/sponge-mixin-0.17.3+mixin.0.8.7.jar Service=Knot/Fabric Env=SERVER
[11:12:23] [main/INFO]: Compatibility level set to JAVA_17
[11:12:23] [main/INFO]: Compatibility level set to JAVA_25
[11:12:23] [main/WARN]: Reference map 'entityculling.refmap.mixins.json' for entityculling.mixins.json could not be read. If this is a development environment you can ignore this message
[11:12:23] [main/INFO]: Loaded configuration file for Lithium: 168 options available, 0 override(s) found.
[11:12:23] [main/INFO]: Initializing MixinExtras via com.llamalad7.mixinextras.service.MixinExtrasServiceImpl(version=0.5.4).
[11:12:29] [main/INFO]: Environment: Environment[sessionHost=https://sessionserver.mojang.com, servicesHost=https://api.minecraftservices.com, profilesHost=https://api.mojang.com, name=PROD]
[11:12:30] [main/INFO]: Loaded 1515 recipes
[11:12:30] [main/INFO]: Loaded 1617 advancements
[11:12:30] [main/INFO]: Applied 0 biome modifications to 0 of 65 new biomes in 1.378 ms
[11:12:30] [Server thread/INFO]: Starting minecraft server version 26.1.2
[11:12:30] [Server thread/INFO]: Loading properties
[11:12:30] [Server thread/INFO]: Default game type: SURVIVAL
[11:12:30] [Server thread/INFO]: Generating keypair
[11:12:30] [Server thread/INFO]: Starting Minecraft server on *:25565
[11:12:30] [Server thread/WARN]: **** SERVER IS RUNNING IN OFFLINE/INSECURE MODE!
[11:12:30] [Server thread/WARN]: The server will make no attempt to authenticate usernames. Beware.
[11:12:30] [Server thread/WARN]: While this makes the game possible to play without internet access, it also opens up the ability for hackers to connect with any username they choose.
[11:12:30] [Server thread/WARN]: To change this, set "online-mode" to "true" in the server.properties file.
[11:12:30] [Server thread/INFO]: Preparing level "world"
[11:12:31] [Server thread/INFO]: Loading 0 persistent chunks...
[11:12:31] [Server thread/INFO]: Preparing spawn area: 100%
[11:12:31] [Server thread/INFO]: Time elapsed: 64 ms
[11:12:31] [Server thread/INFO]: Done (0.376s)! For help, type "help"
[11:12:31] [Server thread/INFO]: Saving chunks for level 'ServerLevel[world]'/minecraft:overworld
[11:12:31] [Server thread/INFO]: Saving chunks for level 'ServerLevel[world]'/minecraft:the_end
[11:12:31] [Server thread/INFO]: Saving chunks for level 'ServerLevel[world]'/minecraft:the_nether
[11:12:31] [Server thread/INFO]: ThreadedAnvilChunkStorage (world): All chunks are saved
[11:12:31] [Server thread/INFO]: ThreadedAnvilChunkStorage (DIM1): All chunks are saved
[11:12:31] [Server thread/INFO]: ThreadedAnvilChunkStorage (DIM-1): All chunks are saved
[11:12:31] [Server thread/INFO]: ThreadedAnvilChunkStorage: All dimensions are saved
[11:13:31] [Server thread/INFO]: Server empty for 60 seconds, pausing
[11:13:35] [Server thread/INFO]: MECIULLO[/127.0.0.1:50541] logged in with entity id 61 at (417.80742386298976, 64.0, 1310.1556705000153)
[11:13:35] [Server thread/INFO]: MECIULLO joined the game
[11:16:39] [Server thread/INFO]: MECIULLO has made the advancement [Is It a Bird?]
[11:17:13] [Server thread/INFO]: MECIULLO has made the advancement [Isn't It Scute?]
[11:19:24] [Server thread/INFO]: MECIULLO has made the advancement [Crafting a New Look]
[11:20:13] [Server thread/INFO]: MECIULLO has made the advancement [Glow and Behold!]
[11:24:39] [Server thread/INFO]: MECIULLO has made the advancement [Total Beelocation]
[11:24:48] [Server thread/INFO]: MECIULLO has made the advancement [Shear Brilliance]
[11:39:13] [Server thread/INFO]: Villager Villager['Villager'/7523, l='ServerLevel[world]', x=519.24, y=64.00, z=2739.54] was struck by lightning LightningBolt['Lightning Bolt'/9003, l='ServerLevel[world]', x=522.50, y=68.00, z=2738.50].
[11:53:03] [Server thread/INFO]: MECIULLO has made the advancement [Good as New]
[12:22:15] [Server thread/WARN]: Mismatch in destroy block pos: BlockPos{x=283, y=67, z=2944} BlockPos{x=25, y=38, z=380}
[12:22:15] [Server thread/WARN]: Mismatch in destroy block pos: BlockPos{x=283, y=67, z=2944} BlockPos{x=25, y=38, z=379}
[12:22:15] [Server thread/WARN]: Mismatch in destroy block pos: BlockPos{x=283, y=67, z=2944} BlockPos{x=25, y=38, z=379}
[12:24:47] [Server thread/WARN]: Mismatch in destroy block pos: BlockPos{x=26, y=56, z=286} BlockPos{x=30, y=55, z=290}
[12:24:47] [Server thread/WARN]: Mismatch in destroy block pos: BlockPos{x=26, y=56, z=286} BlockPos{x=30, y=55, z=290}
[12:25:27] [Server thread/WARN]: Mismatch in destroy block pos: BlockPos{x=-3, y=60, z=279} BlockPos{x=-3, y=59, z=279}
[12:37:18] [Server thread/INFO]: MECIULLO has made the advancement [Bee Our Guest]
[12:40:03] [Server thread/INFO]: MECIULLO lost connection: Disconnected
[12:40:03] [Server thread/INFO]: MECIULLO left the game
